Press <Enter> to continue...Date: 20/04/2003              Kuwait Insurance Co.               Page:   1      
Time: 09:48 AM                Open Cursors By User               PREMPROD       
                              ORAKIC database                                   
                                                                                
                                   Number                                       
                                       Of                                       
User                              Cursors                                       
------------------------------ ----------                                       
FIN7LIFE                              314                                       
FINAL7                               1081                                       
LIFEPROD                              448                                       
PREMPROD                            13294                                       
^                                      10                                       

