Date: 02/04/03                                                   Page:   1      
Time: 10:49 AM           Non-SYS Owned Tables in SYSTEM          NK_DBA         
                              ORAKIC database                                   
                                                                                
OWNER           TABLE_NAME                     TABLESPACE                       
--------------- ------------------------------ ----------                       
OUTLN           OL$                            SYSTEM                           
OUTLN           OL$HINTS                       SYSTEM                           
OUTLN           OL$NODES                       SYSTEM                           
SYSTEM          MVIEW$_ADV_WORKLOAD            SYSTEM                           
SYSTEM          MVIEW$_ADV_BASETABLE           SYSTEM                           
SYSTEM          MVIEW$_ADV_SQLDEPEND           SYSTEM                           
SYSTEM          MVIEW$_ADV_PRETTY              SYSTEM                           
SYSTEM          MVIEW$_ADV_TEMP                SYSTEM                           
SYSTEM          MVIEW$_ADV_FILTER              SYSTEM                           
SYSTEM          MVIEW$_ADV_LOG                 SYSTEM                           
SYSTEM          MVIEW$_ADV_FILTERINSTANCE      SYSTEM                           
SYSTEM          MVIEW$_ADV_LEVEL               SYSTEM                           
SYSTEM          MVIEW$_ADV_ROLLUP              SYSTEM                           
SYSTEM          MVIEW$_ADV_AJG                 SYSTEM                           
SYSTEM          MVIEW$_ADV_FJG                 SYSTEM                           
SYSTEM          MVIEW$_ADV_GC                  SYSTEM                           
SYSTEM          MVIEW$_ADV_CLIQUE              SYSTEM                           
SYSTEM          MVIEW$_ADV_ELIGIBLE            SYSTEM                           
SYSTEM          MVIEW$_ADV_OUTPUT              SYSTEM                           
SYSTEM          MVIEW$_ADV_EXCEPTIONS          SYSTEM                           
SYSTEM          MVIEW$_ADV_PARAMETERS          SYSTEM                           
SYSTEM          MVIEW$_ADV_INFO                SYSTEM                           
SYSTEM          MVIEW$_ADV_JOURNAL             SYSTEM                           
SYSTEM          MVIEW$_ADV_PLAN                SYSTEM                           
SYSTEM          LOGSTDBY$PARAMETERS            SYSTEM                           
SYSTEM          LOGSTDBY$EVENTS                SYSTEM                           
SYSTEM          LOGSTDBY$APPLY_MILESTONE       SYSTEM                           
SYSTEM          LOGSTDBY$SCN                   SYSTEM                           
SYSTEM          LOGSTDBY$PLSQL                 SYSTEM                           
SYSTEM          LOGSTDBY$SKIP_TRANSACTION      SYSTEM                           
SYSTEM          LOGSTDBY$SKIP                  SYSTEM                           
SYSTEM          LOGSTDBY$SKIP_SUPPORT          SYSTEM                           
SYSTEM          LOGMNR_SESSION$                SYSTEM                           
SYSTEM          LOGMNR_LOG$                    SYSTEM                           
SYSTEM          AQ$_QUEUE_TABLES               SYSTEM                           
SYSTEM          AQ$_QUEUES                     SYSTEM                           
SYSTEM          AQ$_SCHEDULES                  SYSTEM                           
SYSTEM          AQ$_INTERNET_AGENTS            SYSTEM                           
SYSTEM          AQ$_INTERNET_AGENT_PRIVS       SYSTEM                           
SYSTEM          DEF$_AQCALL                    SYSTEM                           
SYSTEM          DEF$_AQERROR                   SYSTEM                           
SYSTEM          DEF$_ERROR                     SYSTEM                           
SYSTEM          DEF$_DESTINATION               SYSTEM                           
SYSTEM          DEF$_CALLDEST                  SYSTEM                           
SYSTEM          DEF$_DEFAULTDEST               SYSTEM                           
SYSTEM          DEF$_LOB                       SYSTEM                           
SYSTEM          DEF$_TEMP$LOB                  SYSTEM                           
SYSTEM          DEF$_PROPAGATOR                SYSTEM                           
SYSTEM          DEF$_ORIGIN                    SYSTEM                           
SYSTEM          DEF$_PUSHED_TRANSACTIONS       SYSTEM                           
SYSTEM          LOGMNR_HEADER1$                SYSTEM                           
SYSTEM          LOGMNR_HEADER2$                SYSTEM                           
Date: 02/04/03                                                   Page:   2      
Time: 10:49 AM           Non-SYS Owned Tables in SYSTEM          NK_DBA         
                              ORAKIC database                                   
                                                                                
OWNER           TABLE_NAME                     TABLESPACE                       
--------------- ------------------------------ ----------                       
SYSTEM          LOGMNR_UID$                    SYSTEM                           
SYSTEM          LOGMNRC_DBNAME_UID_MAP         SYSTEM                           
SYSTEM          LOGMNR_PROCESSED_LOG$          SYSTEM                           
SYSTEM          LOGMNR_SPILL$                  SYSTEM                           
SYSTEM          LOGMNR_AGE_SPILL$              SYSTEM                           
SYSTEM          LOGMNR_RESTART_CKPT$           SYSTEM                           
SYSTEM          LOGMNR_RESTART_CKPT_TXINFO$    SYSTEM                           
SYSTEM          REPCAT$_REPCAT                 SYSTEM                           
SYSTEM          REPCAT$_FLAVORS                SYSTEM                           
SYSTEM          REPCAT$_REPSCHEMA              SYSTEM                           
SYSTEM          REPCAT$_SNAPGROUP              SYSTEM                           
SYSTEM          REPCAT$_REPOBJECT              SYSTEM                           
SYSTEM          REPCAT$_REPCOLUMN              SYSTEM                           
SYSTEM          REPCAT$_KEY_COLUMNS            SYSTEM                           
SYSTEM          REPCAT$_GENERATED              SYSTEM                           
SYSTEM          REPCAT$_REPPROP                SYSTEM                           
SYSTEM          REPCAT$_REPCATLOG              SYSTEM                           
SYSTEM          REPCAT$_DDL                    SYSTEM                           
SYSTEM          REPCAT$_REPGROUP_PRIVS         SYSTEM                           
SYSTEM          REPCAT$_PRIORITY_GROUP         SYSTEM                           
SYSTEM          REPCAT$_PRIORITY               SYSTEM                           
SYSTEM          REPCAT$_COLUMN_GROUP           SYSTEM                           
SYSTEM          REPCAT$_GROUPED_COLUMN         SYSTEM                           
SYSTEM          REPCAT$_CONFLICT               SYSTEM                           
SYSTEM          REPCAT$_RESOLUTION_METHOD      SYSTEM                           
SYSTEM          REPCAT$_RESOLUTION             SYSTEM                           
SYSTEM          REPCAT$_RESOLUTION_STATISTICS  SYSTEM                           
SYSTEM          REPCAT$_RESOL_STATS_CONTROL    SYSTEM                           
SYSTEM          REPCAT$_PARAMETER_COLUMN       SYSTEM                           
SYSTEM          REPCAT$_AUDIT_ATTRIBUTE        SYSTEM                           
SYSTEM          REPCAT$_AUDIT_COLUMN           SYSTEM                           
SYSTEM          REPCAT$_FLAVOR_OBJECTS         SYSTEM                           
SYSTEM          REPCAT$_TEMPLATE_STATUS        SYSTEM                           
SYSTEM          REPCAT$_TEMPLATE_TYPES         SYSTEM                           
SYSTEM          REPCAT$_REFRESH_TEMPLATES      SYSTEM                           
SYSTEM          REPCAT$_USER_AUTHORIZATIONS    SYSTEM                           
SYSTEM          REPCAT$_OBJECT_TYPES           SYSTEM                           
SYSTEM          REPCAT$_TEMPLATE_REFGROUPS     SYSTEM                           
SYSTEM          REPCAT$_TEMPLATE_OBJECTS       SYSTEM                           
SYSTEM          REPCAT$_TEMPLATE_PARMS         SYSTEM                           
SYSTEM          REPCAT$_OBJECT_PARMS           SYSTEM                           
SYSTEM          REPCAT$_USER_PARM_VALUES       SYSTEM                           
SYSTEM          REPCAT$_TEMPLATE_SITES         SYSTEM                           
SYSTEM          REPCAT$_SITE_OBJECTS           SYSTEM                           
SYSTEM          REPCAT$_RUNTIME_PARMS          SYSTEM                           
SYSTEM          REPCAT$_TEMPLATE_TARGETS       SYSTEM                           
SYSTEM          REPCAT$_EXCEPTIONS             SYSTEM                           
SYSTEM          REPCAT$_INSTANTIATION_DDL      SYSTEM                           
SYSTEM          REPCAT$_EXTENSION              SYSTEM                           
SYSTEM          REPCAT$_SITES_NEW              SYSTEM                           
WMSYS           WM$RIC_TABLE                   SYSTEM                           
WMSYS           WM$RIC_TRIGGERS_TABLE          SYSTEM                           
Date: 02/04/03                                                   Page:   3      
Time: 10:49 AM           Non-SYS Owned Tables in SYSTEM          NK_DBA         
                              ORAKIC database                                   
                                                                                
OWNER           TABLE_NAME                     TABLESPACE                       
--------------- ------------------------------ ----------                       
WMSYS           WM$INSTEADOF_TRIGS_TABLE       SYSTEM                           
WMSYS           WM$WORKSPACES_TABLE            SYSTEM                           
WMSYS           WM$VERSION_TABLE               SYSTEM                           
WMSYS           WM$NEXTVER_TABLE               SYSTEM                           
WMSYS           WM$VERSION_HIERARCHY_TABLE     SYSTEM                           
WMSYS           WM$VERSIONED_TABLES            SYSTEM                           
WMSYS           WM$WORKSPACE_PRIV_TABLE        SYSTEM                           
WMSYS           WM$WORKSPACE_SAVEPOINTS_TABLE  SYSTEM                           
WMSYS           WM$MODIFIED_TABLES             SYSTEM                           
WMSYS           WM$ADT_FUNC_TABLE              SYSTEM                           
WMSYS           WM$UDTRIG_INFO                 SYSTEM                           
WMSYS           WM$UDTRIG_DISPATCH_PROCS       SYSTEM                           
WMSYS           WM$RESOLVE_WORKSPACES_TABLE    SYSTEM                           
WMSYS           WM$ENV_VARS                    SYSTEM                           
WMSYS           WM$LOCKROWS_INFO               SYSTEM                           
WMSYS           WM$VT_ERRORS_TABLE             SYSTEM                           
WMSYS           WM$TMP_DBA_CONSTRAINTS         SYSTEM                           
WMSYS           WM$REPLICATION_TABLE           SYSTEM                           
WMSYS           WM$NESTED_COLUMNS_TABLE        SYSTEM                           
SYSTEM          SQLPLUS_PRODUCT_PROFILE        SYSTEM                           
SYSTEM          HELP                           SYSTEM                           
ORDSYS          ORD_INSTALLATIONS              SYSTEM                           
ORDSYS          ORD_CARTRIDGE_COMPONENTS       SYSTEM                           
ORDSYS          JACCELERATOR$DLLS              SYSTEM                           
ORDSYS          JACCELERATOR$DLL_ERRORS        SYSTEM                           
ORDSYS          JACCELERATOR$STATUS            SYSTEM                           
MDSYS           SDO_GEOM_METADATA_TABLE        SYSTEM                           
MDSYS           MD$RELATE                      SYSTEM                           
MDSYS           OGIS_SPATIAL_REFERENCE_SYSTEMS SYSTEM                           
MDSYS           OGIS_GEOMETRY_COLUMNS          SYSTEM                           
MDSYS           SDO_INDEX_METADATA_TABLE       SYSTEM                           
MDSYS           USER_CS_SRS                    SYSTEM                           
MDSYS           USER_TRANSFORM_MAP             SYSTEM                           
MDSYS           SDO_DIST_UNITS                 SYSTEM                           
MDSYS           SDO_AREA_UNITS                 SYSTEM                           
MDSYS           SDO_ANGLE_UNITS                SYSTEM                           
MDSYS           SDO_MAPS_TABLE                 SYSTEM                           
MDSYS           SDO_STYLES_TABLE               SYSTEM                           
MDSYS           SDO_THEMES_TABLE               SYSTEM                           
MDSYS           SDO_LRS_METADATA_TABLE         SYSTEM                           
MDSYS           CS_SRS                         SYSTEM                           
MDSYS           SDO_ELLIPSOIDS                 SYSTEM                           
MDSYS           SDO_PROJECTIONS                SYSTEM                           
MDSYS           SDO_DATUMS                     SYSTEM                           
SH              SALES_TRANSACTIONS_EXT         SYSTEM                           
SCOTT           DEPT                           SYSTEM                           
SCOTT           EMP                            SYSTEM                           
SCOTT           BONUS                          SYSTEM                           
SCOTT           SALGRADE                       SYSTEM                           
KICDBA          S_BUYING                       SYSTEM                           
KICDBA          S_SALE1                        SYSTEM                           
KICDBA          S_SALE2                        SYSTEM                           
