
Date: 09/05/05                                                                                                       Page:   1    
Time: 02:55 PM                                        Expandeded Index Report                                      NK_DBA         
                                                       orakic database                                                            
                                                                                                                                  
                                                                                                                                  
Date: 09/05/05                                                                                                       Page:   1      
Time: 02:55 PM                                         Expandeded Index Report                                       NK_DBA         
                                                        orakic database                                                             
                                                                                                                                    
                                                                                                                                    
                                                                                                                                    
